﻿
> frontend@1.0.0 build
> vite build

[36mvite v8.0.9 [32mbuilding client environment for production...[36m[39m
[2K
transforming...Ô£ô 2600 modules transformed.
rendering chunks...
computing gzip size...
dist/index.html                                      1.02 kB Ôöé gzip:   0.44 kB
dist/assets/index-Cwr6GZLd.css                      10.75 kB Ôöé gzip:   2.94 kB
dist/assets/axios-DaIaxpwN.js                        0.40 kB Ôöé gzip:   0.29 kB
dist/assets/AuthContext-tw_Is1Ce.js                  0.86 kB Ôöé gzip:   0.48 kB
dist/assets/ComingSoonPage-C2DtSS4Y.js               1.08 kB Ôöé gzip:   0.61 kB
dist/assets/rolldown-runtime-DWdDZTNf.js             1.08 kB Ôöé gzip:   0.62 kB
dist/assets/GoogleButton-DQ5sCW-J.js                 1.85 kB Ôöé gzip:   0.68 kB
dist/assets/AddCustomer-DcgTU0i0.js                  2.88 kB Ôöé gzip:   1.27 kB
dist/assets/StatCard-xdqon_mo.js                     3.09 kB Ôöé gzip:   0.89 kB
dist/assets/CompleteCustomerProfile-Blom2ymh.js      3.46 kB Ôöé gzip:   1.17 kB
dist/assets/CompleteVendorProfile-Dhwf8uvo.js        3.94 kB Ôöé gzip:   1.30 kB
dist/assets/DataTable-BHYaenvU.js                    4.54 kB Ôöé gzip:   1.62 kB
dist/assets/pdfGenerator-D2rAc8DI.js                 4.58 kB Ôöé gzip:   1.49 kB
dist/assets/SelectOrderType-BX20RYRg.js              4.69 kB Ôöé gzip:   1.30 kB
dist/assets/VendorDashboard-BTZfcSR1.js              4.89 kB Ôöé gzip:   1.31 kB
dist/assets/SelectCustomer-D6NNi1lF.js               5.68 kB Ôöé gzip:   1.79 kB
dist/assets/SelectVendor-BCkeVous.js                 5.95 kB Ôöé gzip:   1.89 kB
dist/assets/GeneratePayroll-B5BBCrPu.js              7.28 kB Ôöé gzip:   2.38 kB
dist/assets/TeamPerformance-6A4pKdls.js              7.75 kB Ôöé gzip:   2.60 kB
dist/assets/AddEmployee-Aa6YsoqK.js                  8.55 kB Ôöé gzip:   2.45 kB
dist/assets/CustomerForm-Dfs__aZZ.js                 8.87 kB Ôöé gzip:   2.06 kB
dist/assets/RevenueDashboard-NHy4ZPQj.js             9.13 kB Ôöé gzip:   2.48 kB
dist/assets/AttendanceHistoryTable-DBxIcVCy.js      10.38 kB Ôöé gzip:   3.08 kB
dist/assets/StockRequests-BvkNB_mT.js               10.57 kB Ôöé gzip:   2.77 kB
dist/assets/MySalary-ZFwFo7ZW.js                    10.90 kB Ôöé gzip:   3.20 kB
dist/assets/MyAttendance-zSKPiTCs.js                10.95 kB Ôöé gzip:   3.49 kB
dist/assets/Attendance-Coc9kr5v.js                  10.96 kB Ôöé gzip:   3.56 kB
dist/assets/CreateOrder-B8gMkzbZ.js                 11.39 kB Ôöé gzip:   3.22 kB
dist/assets/Payslips-J8Wu97FT.js                    11.44 kB Ôöé gzip:   3.20 kB
dist/assets/EmployeeDashboard-BVWppPI2.js           11.58 kB Ôöé gzip:   3.80 kB
dist/assets/AddVendor-5U7EcH9z.js                   11.66 kB Ôöé gzip:   3.20 kB
dist/assets/OrderTracking-CC9PUTjL.js               12.89 kB Ôöé gzip:   3.31 kB
dist/assets/Notifications-C2Fe-gpg.js               13.06 kB Ôöé gzip:   3.74 kB
dist/assets/ManagerDashboard-CwlnQaPm.js            13.20 kB Ôöé gzip:   3.60 kB
dist/assets/HRDashboard-DjS9tWD7.js                 14.90 kB Ôöé gzip:   3.94 kB
dist/assets/SalesDashboard-CTPO5C30.js              16.47 kB Ôöé gzip:   4.62 kB
dist/assets/PayrollPayment-B9pjWbSE.js              17.17 kB Ôöé gzip:   4.05 kB
dist/assets/CustomerDashboard-CCkVtd5X.js           17.23 kB Ôöé gzip:   3.57 kB
dist/assets/CustomerNewOrder-Qkw4paO7.js            17.41 kB Ôöé gzip:   3.90 kB
dist/assets/Register-FdsQLS_C.js                    17.60 kB Ôöé gzip:   3.54 kB
dist/assets/Dashboard-BD6oX91w.js                   17.72 kB Ôöé gzip:   4.29 kB
dist/assets/AdminDashboard-Dtn2QJC9.js              18.17 kB Ôöé gzip:   4.03 kB
dist/assets/Login-CMCiKxba.js                       19.58 kB Ôöé gzip:   3.61 kB
dist/assets/Settings-CicVtubN.js                    19.84 kB Ôöé gzip:   4.38 kB
dist/assets/purify.es-DAH0nd-r.js                   22.43 kB Ôöé gzip:   8.80 kB
dist/assets/LeaveManagement-OdyQ3zB5.js             22.52 kB Ôöé gzip:   5.62 kB
dist/assets/HRMS-o0wLjAOZ.js                        22.68 kB Ôöé gzip:   5.45 kB
dist/assets/MyTasks-B0pcD8qt.js                     27.06 kB Ôöé gzip:   6.50 kB
dist/assets/Support-DC_2BRru.js                     28.62 kB Ôöé gzip:   6.12 kB
dist/assets/HRReports-A2gLxx55.js                   31.91 kB Ôöé gzip:   7.12 kB
dist/assets/Reports-Dn5W6O4e.js                     36.43 kB Ôöé gzip:   8.13 kB
dist/assets/api-QBe89Rdf.js                         37.08 kB Ôöé gzip:  14.69 kB
dist/assets/Vendors-5zBCuslc.js                     38.69 kB Ôöé gzip:   8.05 kB
dist/assets/Customers-B1Zwi817.js                   41.99 kB Ôöé gzip:   8.09 kB
dist/assets/Materials-BtIwDq3D.js                   42.64 kB Ôöé gzip:   9.19 kB
dist/assets/index-xj4chmSm.js                       42.73 kB Ôöé gzip:   8.75 kB
dist/assets/Profile-ChBtHw6G.js                     43.95 kB Ôöé gzip:   7.87 kB
dist/assets/Payroll-BqLFWku0.js                     61.56 kB Ôöé gzip:  11.35 kB
dist/assets/ERP-DnFH3nLP.js                         66.59 kB Ôöé gzip:  10.82 kB
dist/assets/index.es-B6Jss5U4.js                   151.42 kB Ôöé gzip:  48.89 kB
dist/assets/vendor-CK88mmA7.js                     244.25 kB Ôöé gzip:  78.95 kB
dist/assets/charts-s83hrJGz.js                     406.78 kB Ôöé gzip: 116.23 kB
dist/assets/pdf-BaCP53fa.js                      1,560.44 kB Ôöé gzip: 442.50 kB

[32mÔ£ô built in 2.31s[39m
cmd : [33m[plugin builtin:vite-reporter] 
At line:1 char:1
+ cmd /c npm run build > build_output.log 2>&1
+ ~~~~~~~~~~~~~~~~~~~~~~~~~~~~~~~~~~~~~~~~~~~~
    + CategoryInfo          : NotSpecified: ([33m[plugin builtin:vite-reporter] :String) [], RemoteException
    + FullyQualifiedErrorId : NativeCommandError
 
(!) Some chunks are larger than 500 kB after minification. Consider:
- Using dynamic import() to code-split the application
- Use build.rolldownOptions.output.codeSplitting to improve chunking: 
https://rolldown.rs/reference/OutputOptions.codeSplitting
- Adjust chunk size limit for this warning via build.chunkSizeWarningLimit.[39m
